SELL:
1001 10
1002 10
BUY:
1000 10
999 10
998 10
TRADE ORDER2 1003 10 ORDER4 1001 10
TRADE ORDER3 1004 10 ORDER5 1002 10