TRADE ORDER3 1001 120 ORDER2 1000 120
TRADE ORDER4 1002 10 ORDER2 1000 10